main.c:93:9:SPIRead	24	static
main.c:100:6:SPIWrite	24	static
main.c:126:6:LED	16	static
main.c:146:5:__io_putchar	16	static
main.c:150:6:display	16	static
main.c:178:6:HAL_TIM_PeriodElapsedCallback	24	static
main.c:363:5:main	8	static
main.c:456:6:SystemClock_Config	88	static
main.c:501:13:MX_ADC1_Init	48	static
main.c:579:13:MX_SPI1_Init	8	static
main.c:617:13:MX_TIM1_Init	32	static
main.c:663:13:MX_TIM2_Init	32	static
main.c:708:13:MX_TIM10_Init	8	static
main.c:739:13:MX_USART2_UART_Init	8	static
main.c:770:13:MX_DMA_Init	16	static
main.c:788:13:MX_GPIO_Init	48	static
main.c:865:6:HAL_GPIO_EXTI_Callback	16	static
main.c:878:6:Error_Handler	4	static,ignoring_inline_asm
